  Файл: /home/user1
  Размер: 4096      	Блоков: 8          Блок В/В: 4096   каталог
Устройство: 8/4	Инода: 1478965     Ссылки: 2
Доступ: (0700/drwx------)  Uid: ( 1234/   user1)   Gid: ( 1001/students)
Контекст: unconfined_u:object_r:user_home_dir_t:s0
Доступ:        2026-08-20 15:38:37.631812578 +0300
Модифицирован: 2026-08-20 15:48:10.300895051 +0300
Изменён:       2026-08-20 15:48:10.300895051 +0300
Создан:        2026-08-20 15:35:22.019129822 +0300
  Файл: /home/terver/cat1
  Размер: 4096      	Блоков: 8          Блок В/В: 4096   каталог
Устройство: 8/4	Инода: 1480756     Ссылки: 2
Доступ: (0755/drwxr-xr-x)  Uid: ( 1000/  terver)   Gid: ( 1000/  terver)
Контекст: unconfined_u:object_r:user_home_t:s0
Доступ:        2026-09-20 17:38:41.141771627 +0300
Модифицирован: 2026-08-20 15:43:36.551128048 +0300
Изменён:       2026-08-20 15:43:36.551128048 +0300
Создан:        2026-08-20 15:42:54.168106326 +0300
  Файл: /home/terver/chown1
  Размер: 4096      	Блоков: 8          Блок В/В: 4096   каталог
Устройство: 8/4	Инода: 1480764     Ссылки: 2
Доступ: (0755/drwxr-xr-x)  Uid: ( 1000/  terver)   Gid: ( 1000/  terver)
Контекст: unconfined_u:object_r:user_home_t:s0
Доступ:        2026-09-20 17:38:41.204772790 +0300
Модифицирован: 2026-08-20 15:45:27.453114088 +0300
Изменён:       2026-08-20 15:45:27.453114088 +0300
Создан:        2026-08-20 15:42:58.443025905 +0300
